[debug] [2026-07-25T13:28:40.279Z] : 
[debug] [2026-07-25T13:28:40.281Z] : ----------------------------------------------------------------------
[debug] [2026-07-25T13:28:40.282Z] : Command:      C:\Program Files\nodejs\node.exe C:\Users\balac\AppData\Roaming\npm\node_modules\zcatalyst-cli\lib\bin\catalyst.js serve
[debug] [2026-07-25T13:28:40.282Z] : CLI Version:  1.26.2
[debug] [2026-07-25T13:28:40.282Z] : Platform:     win32
[debug] [2026-07-25T13:28:40.282Z] : Node Version: v24.15.0
[debug] [2026-07-25T13:28:40.282Z] : Time:         Sat Jul 25 2026 18:58:40 GMT+0530 (India Standard Time)
[debug] [2026-07-25T13:28:40.282Z] : ----------------------------------------------------------------------
[debug] [2026-07-25T13:28:40.282Z] : 
[debug] [2026-07-25T13:28:41.485Z] : > authorizing via signed-in user option
[debug] [2026-07-25T13:28:41.486Z] : > command requires scopes: ["ZohoCatalyst.projects.ALL","ZohoCatalyst.apigateway.apis.READ","ZohoCatalyst.apigateway.READ","ZohoCatalyst.segments.ALL","ZohoCatalyst.cache.READ","ZohoCatalyst.cache.CREATE","ZohoCatalyst.cache.DELETE","ZohoCatalyst.projects.ALL","ZohoCatalyst.cron.ALL","ZohoCatalyst.zcql.CREATE","ZohoCatalyst.projects.users.READ","ZohoCatalyst.projects.users.CREATE","ZohoCatalyst.projects.users.DELETE","ZohoCatalyst.projects.users.UPDATE","ZohoCatalyst.authentication.CREATE","ZohoCatalyst.email.CREATE","ZohoCatalyst.tables.ALL","ZohoCatalyst.tables.rows.ALL","ZohoCatalyst.tables.columns.ALL","ZohoCatalyst.tables.bulk.CREATE","ZohoCatalyst.tables.bulk.READ","ZohoCatalyst.folders.ALL","ZohoCatalyst.files.CREATE","ZohoCatalyst.files.READ","ZohoCatalyst.files.DELETE","ZohoCatalyst.functions.ALL","ZohoCatalyst.functions.EXECUTE","ZohoCatalyst.eventlistners.ALL","ZohoCatalyst.eventlisteners.produce","ZohoCatalyst.security.rules.Read","ZohoCatalyst.security.rules.Update","ZohoCatalyst.notifications.mobile","ZohoCatalyst.notifications.web","ZohoCatalyst.search.READ","ZohoCatalyst.mlkit.READ","QuickML.deployment.READ","ZohoCatalyst.pdfshot.execute","ZohoCatalyst.grid.READ","ZohoCatalyst.grid.terminate","ZohoCatalyst.circuits.execution.DELETE","ZohoCatalyst.circuits.execution.READ","ZohoCatalyst.circuits.execute","ZohoCatalyst.appsail.Read","ZohoCatalyst.jobpool.READ","ZohoCatalyst.job.ALL","ZohoCatalyst.nosql.READ","ZohoCatalyst.nosql.rows.ALL"]
[debug] [2026-07-25T13:28:41.498Z] : >>>> HTTP REQUEST : GET https://api.catalyst.zoho.in/baas/v1/project/53330000000013048 

[debug] [2026-07-25T13:28:41.618Z] : <<<< HTTP RESPONSE : 200
Response Headers: {"server":"ZGS","date":"Sat, 25 Jul 2026 13:28:41 GMT","content-type":"application/vnd.catalyst.v2+json","transfer-encoding":"chunked","connection":"keep-alive","x-content-type-options":"nosniff","cache-control":"private,no-cache,no-store,max-age=0,must-revalidate","pragma":"no-cache","expires":"Thu, 01 Jan 1970 00:00:00 GMT","x-frame-options":"DENY","strict-transport-security":"max-age=64072000; includeSubDomains; preload"}

[debug] [2026-07-25T13:28:41.626Z] : >>>> HTTP REQUEST : GET https://api.catalyst.zoho.in/baas/v1/project/53330000000013048/environment 

[debug] [2026-07-25T13:28:41.666Z] : <<<< HTTP RESPONSE : 200
Response Headers: {"server":"ZGS","date":"Sat, 25 Jul 2026 13:28:41 GMT","content-type":"application/vnd.catalyst.v2+json","transfer-encoding":"chunked","connection":"keep-alive","x-content-type-options":"nosniff","cache-control":"private,no-cache,no-store,max-age=0,must-revalidate","pragma":"no-cache","expires":"Thu, 01 Jan 1970 00:00:00 GMT","x-frame-options":"DENY","strict-transport-security":"max-age=64072000; includeSubDomains; preload"}

[debug] [2026-07-25T13:28:41.877Z] : Build folder already exists, starting cleanup
[debug] [2026-07-25T13:28:41.986Z] : >>>> HTTP REQUEST : GET https://api.catalyst.zoho.in/baas/get-details 
Query params: {"feature_name":"runtime"}

[debug] [2026-07-25T13:28:42.024Z] : <<<< HTTP RESPONSE : 200
Response Headers: {"server":"ZGS","date":"Sat, 25 Jul 2026 13:28:42 GMT","content-type":"application/vnd.catalyst.v2+json","transfer-encoding":"chunked","connection":"keep-alive","x-content-type-options":"nosniff","cache-control":"private,no-cache,no-store,max-age=0,must-revalidate","pragma":"no-cache","expires":"Thu, 01 Jan 1970 00:00:00 GMT","x-frame-options":"DENY","strict-transport-security":"max-age=64072000; includeSubDomains; preload"}

[debug] [2026-07-25T13:28:42.032Z] : >>>> HTTP REQUEST : GET https://api.catalyst.zoho.in/baas/v1/project/53330000000013048/function 
Query params: {"type":"basicio,event,cron,applogic,integration,browser_logic,job"}

[debug] [2026-07-25T13:28:42.077Z] : <<<< HTTP RESPONSE : 200
Response Headers: {"server":"ZGS","date":"Sat, 25 Jul 2026 13:28:42 GMT","content-type":"application/vnd.catalyst.v2+json","transfer-encoding":"chunked","connection":"keep-alive","x-content-type-options":"nosniff","cache-control":"private,no-cache,no-store,max-age=0,must-revalidate","pragma":"no-cache","expires":"Thu, 01 Jan 1970 00:00:00 GMT","x-frame-options":"DENY","strict-transport-security":"max-age=64072000; includeSubDomains; preload"}

[debug] [2026-07-25T13:28:42.081Z] : unknown eol undefined hence skipping check
[info] [2026-07-25T13:28:42.852Z] : i Compiling C:\Users\balac\OneDrive\Desktop\working file\Echo-Protocol\functions\echo-protocol-api\EchoProtocolAPI.java
